[WebServer] (node:23001) Warning: The 'NO_COLOR' env is ignored due to the 'FORCE_COLOR' env being set.
[WebServer] (Use `node --trace-warnings ...` to show where the warning was created)
[WebServer] (node:23029) Warning: The 'NO_COLOR' env is ignored due to the 'FORCE_COLOR' env being set.
[WebServer] (Use `node --trace-warnings ...` to show where the warning was created)
[WebServer] (node:23030) Warning: The 'NO_COLOR' env is ignored due to the 'FORCE_COLOR' env being set.
[WebServer] (Use `node --trace-warnings ...` to show where the warning was created)

Running 9 tests using 5 workers

(node:23240) Warning: The 'NO_COLOR' env is ignored due to the 'FORCE_COLOR' env being set.
(Use `node --trace-warnings ...` to show where the warning was created)
(node:23239) Warning: The 'NO_COLOR' env is ignored due to the 'FORCE_COLOR' env being set.
(Use `node --trace-warnings ...` to show where the warning was created)
(node:23236) Warning: The 'NO_COLOR' env is ignored due to the 'FORCE_COLOR' env being set.
(Use `node --trace-warnings ...` to show where the warning was created)
(node:23237) Warning: The 'NO_COLOR' env is ignored due to the 'FORCE_COLOR' env being set.
(Use `node --trace-warnings ...` to show where the warning was created)
(node:23238) Warning: The 'NO_COLOR' env is ignored due to the 'FORCE_COLOR' env being set.
(Use `node --trace-warnings ...` to show where the warning was created)
  ✓  1 e2e/app.spec.ts:66:1 › mobile has no overflow, broken token images or browser errors (2.1s)
  ✓  4 e2e/app.spec.ts:57:1 › missing wallet gives an honest error without simulated connection (2.1s)
  ✓  5 e2e/app.spec.ts:101:1 › switching from a wrapped-token basket keeps at least two valid LP pairs (2.4s)
  ✓  3 e2e/app.spec.ts:33:1 › all chains load their own verified tokens (2.5s)
  ✓  2 e2e/app.spec.ts:2:1 › basket allocation, token picker, removal and settings (2.6s)
  ✓  9 e2e/price-range.spec.ts:147:1 › missing volume stays unavailable and the mobile chart fits (3.4s)
  ✓  7 e2e/app.spec.ts:216:1 › wallet rejection does not expose RPC URLs or raw transaction data (3.9s)
  ✓  8 e2e/price-range.spec.ts:19:1 › LP pair settings, custom dragging, reciprocal prices, hover and zoom (4.6s)
  ✓  6 e2e/app.spec.ts:114:1 › wallet review requests one atomic batch and waits for its receipt (6.8s)

  9 passed (13.6s)
