
> aquamux@0.1.0 test
> tsx --test test/*.test.ts

TAP version 13
# Subtest: chart keys normalize case but isolate direction and chain
ok 1 - chart keys normalize case but isolate direction and chain
  ---
  duration_ms: 0.274875
  type: 'test'
  ...
# Subtest: chart queries accept each displayed period and reject obsolete periods
ok 2 - chart queries accept each displayed period and reject obsolete periods
  ---
  duration_ms: 1.032416
  type: 'test'
  ...
# Subtest: each LP leg retains its own validated range
ok 3 - each LP leg retains its own validated range
  ---
  duration_ms: 0.953541
  type: 'test'
  ...
# Subtest: candle requests use matching date windows and preserve unknown versus zero volume
ok 4 - candle requests use matching date windows and preserve unknown versus zero volume
  ---
  duration_ms: 9.154917
  type: 'test'
  ...
# Subtest: wallet errors exclude RPC credentials and serialized transactions
ok 5 - wallet errors exclude RPC credentials and serialized transactions
  ---
  duration_ms: 0.8995
  type: 'test'
  ...
# Subtest: split preserves every wei and assigns remainder to the final leg
ok 6 - split preserves every wei and assigns remainder to the final leg
  ---
  duration_ms: 0.301458
  type: 'test'
  ...
# Subtest: invalid sums, fractional weights and dust are rejected
ok 7 - invalid sums, fractional weights and dust are rejected
  ---
  duration_ms: 0.094666
  type: 'test'
  ...
# Subtest: token amounts reject silent rounding, exponent notation, negative and zero
ok 8 - token amounts reject silent rounding, exponent notation, negative and zero
  ---
  duration_ms: 0.4695
  type: 'test'
  ...
# Subtest: basket rejects duplicate outputs, wrong-chain addresses and input overlap
ok 9 - basket rejects duplicate outputs, wrong-chain addresses and input overlap
  ---
  duration_ms: 1.444042
  type: 'test'
  ...
# Subtest: equal allocations always total exactly 100%
ok 10 - equal allocations always total exactly 100%
  ---
  duration_ms: 0.096833
  type: 'test'
  ...
# Subtest: SDK ship calls register the wallet as maker, sorted tokens and full shared base
ok 11 - SDK ship calls register the wallet as maker, sorted tokens and full shared base
  ---
  duration_ms: 3.9395
  type: 'test'
  ...
# Subtest: Robinhood ERC-20 approvals and swap calls target its verified router
ok 12 - Robinhood ERC-20 approvals and swap calls target its verified router
  ---
  duration_ms: 1119.759666
  type: 'test'
  ...
# Subtest: atomic batch is explicitly required and never falls back to sequential transactions
ok 13 - atomic batch is explicitly required and never falls back to sequential transactions
  ---
  duration_ms: 0.407708
  type: 'test'
  ...
# Subtest: unsupported wallets cannot send any calls
ok 14 - unsupported wallets cannot send any calls
  ---
  duration_ms: 0.18125
  type: 'test'
  ...
# Subtest: expired reviews and changed accounts stop before submitting
ok 15 - expired reviews and changed accounts stop before submitting
  ---
  duration_ms: 0.096334
  type: 'test'
  ...
1..15
# tests 15
# suites 0
# pass 15
# fail 0
# cancelled 0
# skipped 0
# todo 0
# duration_ms 1463.127833
